// Jest Snapshot v1, https://goo.gl/fbAQLP

exports[`RenderQuestion component snapshot matches 1`] = `
<body>
  <div>
    <div>
      <div
        class="sc-grXZZQ lakGlY question col gap-7 rounded-lg p-6"
        data-testid="question-container"
      >
        <div
          class="flex justify-between items-center"
        >
          <h1
            class="text-xl"
          >
            Mock Category
          </h1>
          <p
            class="text-xl"
            style="color: green;"
          >
            easy
          </p>
        </div>
        <h1
          class="text-2xl"
        >
          Mock &lt;Question&gt;
        </h1>
        <svg
          data-testid="timer-container"
          style="border: 2px solid green; border-radius: 5px;"
          viewBox="0 0 100 5"
          xmlns="http://www.w3.org/2000/svg"
        >
          <line
            class="transition-all"
            stroke="green"
            stroke-width="20"
            x1="0"
            x2="0"
            y1="5"
            y2="5"
          />
          30
        </svg>
        <div
          class="question_options grid grid-cols-2 grid-rows-2 gap-4"
        >
          <span
            data-testid="Mocha & Chai"
          >
            <button
              class="sc-bcPKhP fVQoNj flex w-full justify-center gap-2 items-center animate__animated"
              id="Mocha & Chai"
            >
              <span
                data-testid="feedback-incorrect-0"
              />
              <p>
                Mocha & Chai
              </p>
            </button>
          </span>
          <span
            data-testid="React | Vue | Angular"
          >
            <button
              class="sc-bcPKhP fVQoNj flex w-full justify-center gap-2 items-center animate__animated"
              id="React | Vue | Angular"
            >
              <span
                data-testid="feedback-incorrect-1"
              />
              <p>
                React | Vue | Angular
              </p>
            </button>
          </span>
          <span
            data-testid="Mock Aswer 3"
          >
            <button
              class="sc-bcPKhP fVQoNj flex w-full justify-center gap-2 items-center animate__animated"
              id="Mock Aswer 3"
            >
              <span
                data-testid="feedback-incorrect-2"
              />
              <p>
                Mock Aswer 3
              </p>
            </button>
          </span>
          <span
            data-testid="Mock Correct Answer"
          >
            <button
              class="sc-bcPKhP fVQoNj flex w-full justify-center gap-2 items-center animate__animated"
              id="Mock Correct Answer"
            >
              <span
                data-testid="feedback-correct-3"
              />
              <p>
                Mock Correct Answer
              </p>
            </button>
          </span>
        </div>
        <span
          data-testid="continue-later-button"
        >
          <button
            class="sc-bcPKhP fVQoNj w-full"
          >
            Continue Later
          </button>
        </span>
        <audio
          id="success"
        >
          <source
            src="/success.mp3"
            type="audio/mpeg"
          />
          Your browser does not support the audio element.
        </audio>
        <audio
          id="error"
        >
          <source
            src="/error.mp3"
            type="audio/mpeg"
          />
          Your browser does not support the audio element.
        </audio>
      </div>
    </div>
  </div>
</body>
`;
