// Jest Snapshot v1, https://goo.gl/fbAQLP

exports[`Timer component snapshot matches 1`] = `
<body>
  <div>
    <svg
      data-testid="timer-container"
      style="border: 2px solid green; border-radius: 5px;"
      viewBox="0 0 100 5"
      xmlns="http://www.w3.org/2000/svg"
    >
      <line
        class="transition-all"
        stroke="green"
        stroke-width="20"
        x1="0"
        x2="0"
        y1="5"
        y2="5"
      />
      30
    </svg>
  </div>
</body>
`;
