// Jest Snapshot v1, https://goo.gl/fbAQLP

exports[`DisplayCategoriesMobile component Renders first set of categories buttons on mobile 1`] = `
<body>
  <div>
    <div>
      <div
        class="px-4"
        data-testid="display-categories-mobile-container"
      >
        <div>
          <div
            class="flex gap-2 flex-wrap justify-center"
            data-testid="first-categories-set"
          >
            <span
              data-testid="Category 1"
            >
              <button
                class="sc-bcPKhP fVQoNj"
              >
                Category 1
                 (
                0
                )
              </button>
            </span>
            <span
              data-testid="Category 10"
            >
              <button
                class="sc-bcPKhP fVQoNj"
              >
                Category 10
                 (
                9
                )
              </button>
            </span>
            <span
              data-testid="Category 11"
            >
              <button
                class="sc-bcPKhP fVQoNj"
              >
                Category 11
                 (
                10
                )
              </button>
            </span>
            <span
              data-testid="Category 12"
            >
              <button
                class="sc-bcPKhP fVQoNj"
              >
                Category 12
                 (
                11
                )
              </button>
            </span>
            <span
              data-testid="Category 13"
            >
              <button
                class="sc-bcPKhP fVQoNj"
              >
                Category 13
                 (
                12
                )
              </button>
            </span>
            <span
              data-testid="Category 14"
            >
              <button
                class="sc-bcPKhP fVQoNj"
              >
                Category 14
                 (
                13
                )
              </button>
            </span>
            <span
              data-testid="Category 15"
            >
              <button
                class="sc-bcPKhP fVQoNj"
              >
                Category 15
                 (
                14
                )
              </button>
            </span>
            <span
              data-testid="Category 16"
            >
              <button
                class="sc-bcPKhP fVQoNj"
              >
                Category 16
                 (
                15
                )
              </button>
            </span>
            <span
              data-testid="Category 17"
            >
              <button
                class="sc-bcPKhP fVQoNj"
              >
                Category 17
                 (
                16
                )
              </button>
            </span>
            <span
              data-testid="Category 18"
            >
              <button
                class="sc-bcPKhP fVQoNj"
              >
                Category 18
                 (
                17
                )
              </button>
            </span>
          </div>
        </div>
      </div>
    </div>
  </div>
</body>
`;

exports[`DisplayCategoriesMobile component Renders second set of categories buttons on mobile 1`] = `
<body>
  <div>
    <div>
      <div
        class="px-4"
        data-testid="display-categories-mobile-container"
      >
        <div>
          <div
            class="flex gap-2 flex-wrap justify-center"
            data-testid="second-categories-set"
          >
            <span
              data-testid="Category 19"
            >
              <button
                class="sc-bcPKhP fVQoNj"
              >
                Category 19
                 (
                18
                )
              </button>
            </span>
            <span
              data-testid="Category 2"
            >
              <button
                class="sc-bcPKhP fVQoNj"
              >
                Category 2
                 (
                1
                )
              </button>
            </span>
            <span
              data-testid="Category 20"
            >
              <button
                class="sc-bcPKhP fVQoNj"
              >
                Category 20
                 (
                19
                )
              </button>
            </span>
            <span
              data-testid="Category 3"
            >
              <button
                class="sc-bcPKhP fVQoNj"
              >
                Category 3
                 (
                2
                )
              </button>
            </span>
            <span
              data-testid="Category 4"
            >
              <button
                class="sc-bcPKhP fVQoNj"
              >
                Category 4
                 (
                3
                )
              </button>
            </span>
            <span
              data-testid="Category 5"
            >
              <button
                class="sc-bcPKhP fVQoNj"
              >
                Category 5
                 (
                4
                )
              </button>
            </span>
            <span
              data-testid="Category 6"
            >
              <button
                class="sc-bcPKhP fVQoNj"
              >
                Category 6
                 (
                5
                )
              </button>
            </span>
            <span
              data-testid="Category 7"
            >
              <button
                class="sc-bcPKhP fVQoNj"
              >
                Category 7
                 (
                6
                )
              </button>
            </span>
            <span
              data-testid="Category 8"
            >
              <button
                class="sc-bcPKhP fVQoNj"
              >
                Category 8
                 (
                7
                )
              </button>
            </span>
            <span
              data-testid="Category 9"
            >
              <button
                class="sc-bcPKhP fVQoNj"
              >
                Category 9
                 (
                8
                )
              </button>
            </span>
          </div>
        </div>
      </div>
    </div>
  </div>
</body>
`;
