// Jest Snapshot v1, https://goo.gl/fbAQLP

exports[`DisplayCategories component snapshot matches 1`] = `
<body>
  <div>
    <div>
      <div
        class="col gap-2"
        data-testid="display-categories-container"
      >
        <div
          class="flex gap-2 flex-wrap justify-center"
          data-testid="first-categories-set"
        >
          <span
            data-testid="Category 1"
          >
            <button
              class="sc-bcPKhP fjXGcT"
            >
              Category 1
               (
              0
              )
            </button>
          </span>
          <span
            data-testid="Category 10"
          >
            <button
              class="sc-bcPKhP fjXGcT"
            >
              Category 10
               (
              9
              )
            </button>
          </span>
          <span
            data-testid="Category 11"
          >
            <button
              class="sc-bcPKhP fjXGcT"
            >
              Category 11
               (
              10
              )
            </button>
          </span>
          <span
            data-testid="Category 12"
          >
            <button
              class="sc-bcPKhP fjXGcT"
            >
              Category 12
               (
              11
              )
            </button>
          </span>
          <span
            data-testid="Category 13"
          >
            <button
              class="sc-bcPKhP fjXGcT"
            >
              Category 13
               (
              12
              )
            </button>
          </span>
          <span
            data-testid="Category 14"
          >
            <button
              class="sc-bcPKhP fjXGcT"
            >
              Category 14
               (
              13
              )
            </button>
          </span>
          <span
            data-testid="Category 15"
          >
            <button
              class="sc-bcPKhP fjXGcT"
            >
              Category 15
               (
              14
              )
            </button>
          </span>
          <span
            data-testid="Category 16"
          >
            <button
              class="sc-bcPKhP fjXGcT"
            >
              Category 16
               (
              15
              )
            </button>
          </span>
          <span
            data-testid="Category 17"
          >
            <button
              class="sc-bcPKhP fjXGcT"
            >
              Category 17
               (
              16
              )
            </button>
          </span>
          <span
            data-testid="Category 18"
          >
            <button
              class="sc-bcPKhP fjXGcT"
            >
              Category 18
               (
              17
              )
            </button>
          </span>
        </div>
        <div
          class="flex gap-2 flex-wrap justify-center"
          data-testid="second-categories-set"
        >
          <span>
            <button
              class="sc-bcPKhP fjXGcT"
            >
              Category 19
               (
              18
              )
            </button>
          </span>
          <span>
            <button
              class="sc-bcPKhP fjXGcT"
            >
              Category 2
               (
              1
              )
            </button>
          </span>
          <span>
            <button
              class="sc-bcPKhP fjXGcT"
            >
              Category 20
               (
              19
              )
            </button>
          </span>
          <span>
            <button
              class="sc-bcPKhP fjXGcT"
            >
              Category 3
               (
              2
              )
            </button>
          </span>
          <span>
            <button
              class="sc-bcPKhP fjXGcT"
            >
              Category 4
               (
              3
              )
            </button>
          </span>
          <span>
            <button
              class="sc-bcPKhP fjXGcT"
            >
              Category 5
               (
              4
              )
            </button>
          </span>
          <span>
            <button
              class="sc-bcPKhP fjXGcT"
            >
              Category 6
               (
              5
              )
            </button>
          </span>
          <span>
            <button
              class="sc-bcPKhP fjXGcT"
            >
              Category 7
               (
              6
              )
            </button>
          </span>
          <span>
            <button
              class="sc-bcPKhP fjXGcT"
            >
              Category 8
               (
              7
              )
            </button>
          </span>
          <span>
            <button
              class="sc-bcPKhP fjXGcT"
            >
              Category 9
               (
              8
              )
            </button>
          </span>
        </div>
      </div>
    </div>
  </div>
</body>
`;
