// Jest Snapshot v1, https://goo.gl/fbAQLP

exports[`Play component snapshot matches 1`] = `
<body>
  <div>
    <div>
      <div
        style="opacity: 0; transform: translateY(100%) translateZ(0);"
      >
        <span
          tabindex="0"
        >
          <a
            data-testid="play-link"
            href="/game?difficulty=hard&categories=Mock%20category%201,Mock%20category%202"
          >
            <button
              class="sc-bcPKhP dmjhkA"
              data-testid="play-button"
            >
              Start Playing
            </button>
          </a>
        </span>
      </div>
    </div>
  </div>
</body>
`;
