// Jest Snapshot v1, https://goo.gl/fbAQLP

exports[`Footer component snapshot matches 1`] = `
<body>
  <div>
    <div
      style="opacity: 0;"
    >
      <footer
        class="footer w-full py-4 flex justify-center mt-5"
        data-testid="footer-container"
      >
        <p>
          © 2023 Trivia Mania. All rights reserved.
        </p>
      </footer>
    </div>
  </div>
</body>
`;
