// Jest Snapshot v1, https://goo.gl/fbAQLP

exports[`Header component snapshot matches 1`] = `
<body>
  <div>
    <div
      style="opacity: 0; transform: translateY(-100%) translateZ(0);"
    >
      <div
        class="mb-4 mt-5"
        data-testid="header-container"
      >
        <h2
          class="text-3xl mb-2 font-bold underline"
        >
          Welcome to Trivia Mania!
        </h2>
        <p>
          Test your knowledge with exciting trivia questions.
        </p>
      </div>
    </div>
  </div>
</body>
`;
