// Jest Snapshot v1, https://goo.gl/fbAQLP

exports[`HomePage component snapshot matches 1`] = `
<body>
  <div>
    <div
      style="opacity: 0;"
    >
      <div
        class="col"
        data-testid="home-container"
      >
        <main
          class="col items-center"
        >
          <div
            style="opacity: 0; transform: translateY(-100%) translateZ(0);"
          >
            <div
              class="mb-4 mt-5"
              data-testid="header-container"
            >
              <h2
                class="text-3xl mb-2 font-bold underline"
              >
                Welcome to Trivia Mania!
              </h2>
              <p>
                Test your knowledge with exciting trivia questions.
              </p>
            </div>
          </div>
          <div
            class="text-center col gap-4 w-4/5"
          >
            <div
              style="opacity: 0; transform: translateX(100px) translateZ(0);"
            >
              <div
                class="text-center col gap-3"
                data-testid="render-difficulties-container"
              >
                <h1
                  class="text-xl"
                >
                  Choose difficulty
                </h1>
                <div
                  class="flex gap-2 flex-wrap justify-center"
                >
                  <span
                    tabindex="0"
                  >
                    <button
                      class="sc-bcPKhP fjXGcT"
                    >
                      easy
                       (
                      3
                      )
                    </button>
                  </span>
                  <span
                    tabindex="0"
                  >
                    <button
                      class="sc-bcPKhP fjXGcT"
                    >
                      medium
                       (
                      3
                      )
                    </button>
                  </span>
                  <span
                    tabindex="0"
                  >
                    <button
                      class="sc-bcPKhP fjXGcT"
                    >
                      hard
                       (
                      2
                      )
                    </button>
                  </span>
                  <span
                    tabindex="0"
                  >
                    <button
                      class="sc-bcPKhP fjXGcT"
                    >
                      all difficulties
                       (
                      8
                      )
                    </button>
                  </span>
                </div>
              </div>
            </div>
            <div
              style="opacity: 0; transform: translateX(-100px) translateZ(0);"
            >
              <div
                class="text-center col gap-3"
                data-testid="render-categories-container"
              >
                <h1
                  class="text-xl"
                >
                  Choose categories
                </h1>
                <div
                  class="col gap-3"
                >
                  <div
                    class="m-auto w-2/3 flex gap-2 flex-wrap justify-center"
                    data-testid="loading-skeleton-container"
                  >
                    <span
                      class="MuiSkeleton-root MuiSkeleton-rectangular MuiSkeleton-pulse css-1w0cu22-MuiSkeleton-root"
                      data-testid="loading-skeleton"
                      style="width: 60px; height: 40px;"
                    />
                    <span
                      class="MuiSkeleton-root MuiSkeleton-rectangular MuiSkeleton-pulse css-1w0cu22-MuiSkeleton-root"
                      data-testid="loading-skeleton"
                      style="width: 60px; height: 40px;"
                    />
                    <span
                      class="MuiSkeleton-root MuiSkeleton-rectangular MuiSkeleton-pulse css-1w0cu22-MuiSkeleton-root"
                      data-testid="loading-skeleton"
                      style="width: 60px; height: 40px;"
                    />
                    <span
                      class="MuiSkeleton-root MuiSkeleton-rectangular MuiSkeleton-pulse css-1w0cu22-MuiSkeleton-root"
                      data-testid="loading-skeleton"
                      style="width: 60px; height: 40px;"
                    />
                    <span
                      class="MuiSkeleton-root MuiSkeleton-rectangular MuiSkeleton-pulse css-1w0cu22-MuiSkeleton-root"
                      data-testid="loading-skeleton"
                      style="width: 60px; height: 40px;"
                    />
                    <span
                      class="MuiSkeleton-root MuiSkeleton-rectangular MuiSkeleton-pulse css-1w0cu22-MuiSkeleton-root"
                      data-testid="loading-skeleton"
                      style="width: 60px; height: 40px;"
                    />
                    <span
                      class="MuiSkeleton-root MuiSkeleton-rectangular MuiSkeleton-pulse css-1w0cu22-MuiSkeleton-root"
                      data-testid="loading-skeleton"
                      style="width: 60px; height: 40px;"
                    />
                    <span
                      class="MuiSkeleton-root MuiSkeleton-rectangular MuiSkeleton-pulse css-1w0cu22-MuiSkeleton-root"
                      data-testid="loading-skeleton"
                      style="width: 60px; height: 40px;"
                    />
                    <span
                      class="MuiSkeleton-root MuiSkeleton-rectangular MuiSkeleton-pulse css-1w0cu22-MuiSkeleton-root"
                      data-testid="loading-skeleton"
                      style="width: 60px; height: 40px;"
                    />
                    <span
                      class="MuiSkeleton-root MuiSkeleton-rectangular MuiSkeleton-pulse css-1w0cu22-MuiSkeleton-root"
                      data-testid="loading-skeleton"
                      style="width: 60px; height: 40px;"
                    />
                    <span
                      class="MuiSkeleton-root MuiSkeleton-rectangular MuiSkeleton-pulse css-1w0cu22-MuiSkeleton-root"
                      data-testid="loading-skeleton"
                      style="width: 60px; height: 40px;"
                    />
                    <span
                      class="MuiSkeleton-root MuiSkeleton-rectangular MuiSkeleton-pulse css-1w0cu22-MuiSkeleton-root"
                      data-testid="loading-skeleton"
                      style="width: 60px; height: 40px;"
                    />
                    <span
                      class="MuiSkeleton-root MuiSkeleton-rectangular MuiSkeleton-pulse css-1w0cu22-MuiSkeleton-root"
                      data-testid="loading-skeleton"
                      style="width: 60px; height: 40px;"
                    />
                    <span
                      class="MuiSkeleton-root MuiSkeleton-rectangular MuiSkeleton-pulse css-1w0cu22-MuiSkeleton-root"
                      data-testid="loading-skeleton"
                      style="width: 60px; height: 40px;"
                    />
                    <span
                      class="MuiSkeleton-root MuiSkeleton-rectangular MuiSkeleton-pulse css-1w0cu22-MuiSkeleton-root"
                      data-testid="loading-skeleton"
                      style="width: 60px; height: 40px;"
                    />
                  </div>
                  <div
                    class="m-auto w-2/3 flex gap-2 flex-wrap justify-center"
                    data-testid="loading-skeleton-container"
                  >
                    <span
                      class="MuiSkeleton-root MuiSkeleton-rectangular MuiSkeleton-pulse css-1w0cu22-MuiSkeleton-root"
                      data-testid="loading-skeleton"
                      style="width: 120px; height: 40px;"
                    />
                    <span
                      class="MuiSkeleton-root MuiSkeleton-rectangular MuiSkeleton-pulse css-1w0cu22-MuiSkeleton-root"
                      data-testid="loading-skeleton"
                      style="width: 120px; height: 40px;"
                    />
                  </div>
                </div>
              </div>
            </div>
          </div>
          <div
            style="opacity: 0; transform: translateY(100%) translateZ(0);"
          >
            <span
              tabindex="0"
            >
              <a
                data-testid="play-link"
                href="/game?difficulty=&categories="
              >
                <button
                  class="sc-bcPKhP dmjhkA"
                  data-testid="play-button"
                >
                  Start Playing
                </button>
              </a>
            </span>
          </div>
        </main>
        <div
          style="opacity: 0;"
        >
          <footer
            class="footer w-full py-4 flex justify-center mt-5"
            data-testid="footer-container"
          >
            <p>
              © 2023 Trivia Mania. All rights reserved.
            </p>
          </footer>
        </div>
      </div>
    </div>
  </div>
</body>
`;
