// Jest Snapshot v1, https://goo.gl/fbAQLP

exports[`NotFound component snapshot matches 1`] = `
<body>
  <div>
    <div
      class="col h-full items-center justify-center text-center"
      data-testid="not-found-container"
    >
      <div
        class="col md:flex-row md:gap-2 text-xl md:text-2xl"
      >
        <h1>
          User with id
        </h1>
        <h1>
          invalidUserId
        </h1>
        <h1>
          not found
        </h1>
      </div>
      <img
        alt="Page not found error"
        data-nimg="1"
        decoding="async"
        height="400"
        loading="lazy"
        src="/Oops! 404 Error with a broken robot-pana.svg"
        style="color: transparent;"
        width="400"
      />
    </div>
  </div>
</body>
`;
