// Jest Snapshot v1, https://goo.gl/fbAQLP

exports[`Header component snapshot matches 1`] = `
<body>
  <div>
    <div>
      <div
        class="flex items-center gap-5"
        data-testid="user-header-container"
      >
        <img
          alt="user avatar icon"
          class="rounded-full"
          data-nimg="1"
          decoding="async"
          height="50"
          loading="lazy"
          src="/_next/image?url=%2Favatar.png&w=128&q=75"
          srcset="/_next/image?url=%2Favatar.png&w=64&q=75 1x, /_next/image?url=%2Favatar.png&w=128&q=75 2x"
          style="color: transparent;"
          width="50"
        />
        <h1
          class="text-3xl"
        >
          mock user
        </h1>
      </div>
    </div>
  </div>
</body>
`;
