// Jest Snapshot v1, https://goo.gl/fbAQLP

exports[`UserProgress component snapshot matches invalid id 1`] = `
<body>
  <div>
    <div
      class="col h-full items-center justify-center text-center"
      data-testid="not-found-container"
    >
      <div
        class="col md:flex-row md:gap-2 text-xl md:text-2xl"
      >
        <h1>
          User with id
        </h1>
        <h1>
          invalidId
        </h1>
        <h1>
          not found
        </h1>
      </div>
      <img
        alt="Page not found error"
        data-nimg="1"
        decoding="async"
        height="400"
        loading="lazy"
        src="/Oops! 404 Error with a broken robot-pana.svg"
        style="color: transparent;"
        width="400"
      />
    </div>
  </div>
</body>
`;

exports[`UserProgress component snapshot matches valid id 1`] = `
<body>
  <div>
    <div
      class="text-xl text-gray-800 w-11/12 col gap-4 mx-auto py-4 overflow-y-auto"
      data-testid="display-user-progress-container"
    >
      <div>
        <div
          class="flex items-center gap-5"
          data-testid="user-header-container"
        >
          <img
            alt="user avatar icon"
            class="rounded-full"
            data-nimg="1"
            decoding="async"
            height="50"
            loading="lazy"
            src="/_next/image?url=%2Favatar.png&w=128&q=75"
            srcset="/_next/image?url=%2Favatar.png&w=64&q=75 1x, /_next/image?url=%2Favatar.png&w=128&q=75 2x"
            style="color: transparent;"
            width="50"
          />
          <h1
            class="text-3xl"
          >
            mock user
          </h1>
        </div>
      </div>
      <div />
      <div>
        <h2
          data-testid="no-stats-available"
        >
          You have not answered any questions yet.
           
          <a
            class="text-gray-600 hover:text-gray-800 hover:underline decoration-solid"
            href="/"
          >
            Click here to play
          </a>
          .
        </h2>
      </div>
    </div>
  </div>
</body>
`;
